ROWID|PROJECT_ID|FEED_ID|CLAIM_ID|HMO|CLIENT_CLAIM_ID|CLIENT_CLAIM_SEQUENCE_TYPE|CLIENT_CLAIM_SEQUENCE_NUMBER|CLIENT_PRIOR_CLAIM_ID|CLIENT_ORIGINAL_CLAIM_ID|CLIENT_CLAIM_BYPASS_CODE|CLIENT_CLAIM_RECEIPT_DATE|CLIENT_CLAIM_ENCOUNTER_CAPITATION_INDICATOR|CLIENT_CLAIM_BCBS_ITS_CLAIM_INDICATOR|CLIENT_CLAIM_BCBS_ITS_SCCF_NUMBER|CLIENT_CLAIM_PAYMENT_CODE|CLIENT_MEDICAL_RECORD_INDICATOR|CLIENT_MEDICAL_RECORD_NUMBER|CLIENT_COMPANY_CODE|CLIENT_BUSINESS_UNIT_CODE|CLIENT_REGION_CODE|CLIENT_LOB_CODE|CLIENT_CLAIM_PRICING_METHODOLOGY|CLIENT_CLAIM_COB_PAYER_SEQUENCE|CLIENT_ADJUDICATION_PLATFORM_ID|CLIENT_CLAIM_ADJUDICATION_LIFECYCLE_CODE|CLIENT_CLAIM_ADJUDICATION_STATUS_CODE|CLIENT_CLAIM_ADJUDICATION_REASON_CODE|CLIENT_CLAIM_ADJUDICATION_DATE|PATIENT_ACCT_NO|PAYER_ORIGINAL_CLAIM_CONTROL_NUMBER|TYPE_OF_CLAIM|CLAIM_FREQUENCY_OF_SUBMISSION_CODE|BILL_TYPE|PLACE_OF_SERVICE|CLAIM_FILING_INDICATOR_CODE|BENEFITS_ASSIGNMENT_CERTIFICATION_INDICATOR|RELEASE_OF_INFORMATION_CODE|CLAIM_TOTAL_BILLED_AMOUNT|CLAIM_TOTAL_PATIENT_LIABILITY_AMOUNT|CLAIM_TOTAL_PATIENT_COPAY_AMOUNT|AMT_ALLOWED|AMT_COB_PAID|CLAIM_TOTAL_COINSURANCE_AMOUNT|CLAIM_TOTAL_DEDUCTIBLE_AMOUNT|CLAIM_TOTAL_NON_COVERED_AMOUNT|CLAIM_TOTAL_COVERED_AMOUNT|CLAIM_TOTAL_TAX_AMOUNT|CLAIM_TOTAL_DISCOUNT_AMOUNT|CLAIM_TOTAL_WITHHOLD_AMOUNT|CLAIM_TOTAL_OTHER_REDUCTION_AMOUNT|CLAIM_TOTAL_INTEREST_AMOUNT|AMT_PAID|CLAIM_POST_DATE|CLAIM_PAID_DATE|CLAIM_CHECK_EFT_TRACE_NUMBER|CLAIM_STATEMENT_FROM_DATE|CLAIM_STATEMENT_TO_DATE|CLAIM_PRIOR_AUTHORIZATION_NUMBER|CLIA_NUMBER|PATIENT_TYPE_OF_ADMISSION|PATIENT_SOURCE_OF_ADMISSION|PATIENT_ADMISSION_DATE|PATIENT_ADMISSION_TIME|PATIENT_DISCHARGE_STATUS_CODE|PATIENT_DISCHARGE_DATE|PATIENT_DISCHARGE_TIME|PAT_MEMBER_NO|PATIENT_RELATIONSHIP_TO_SUBSCRIBER_CODE|SUB_MEMBER_NO|SUBSCRIBER_INSURER_PAYER_ID|SUBSCRIBER_INSURER_PAYER_NAME|SUBSCRIBER_GROUP_POLICY_NUMBER|SUBSCRIBER_GROUP_POLICY_NAME|SUBSCRIBER_PLAN_PRODUCT_CODE|SUBSCRIBER_PLAN_STATE_CODE|PROVIDER_NO|BILLING_PROVIDER_NPI|BILLING_PROVIDER_TIN|BILLING_PROVIDER_TAXONOMY_CODE|BILLING_PROVIDER_SPECIALTY_CODE|RENDERING_PROVIDER_CLIENT_ID|RENDERING_PROVIDER_NPI|RENDERING_PROVIDER_TAXONOMY_CODE|RENDERING_PROVIDER_SPECIALTY_CODE|RENDERING_PROVIDER_PAR_INDICATOR|RENDERING_PROVIDER_CONTRACT_ID|SERVICE_LOCATION_CLIENT_ID|SERVICE_LOCATION_CLIENT_NPI|REFERRING_PROVIDER_CLIENT_ID|REFERRING_PROVIDER_CLIENT_NPI|ATTENDING_PROVIDER_CLIENT_ID|ATTENDING_PROVIDER_CLIENT_NPI|ATTENDING_PROVIDER_TAXONOMY_CODE|ACCIDENT_STATE|ACCIDENT_DATE|ACCIDENT_RELATED_CAUSE_1|ACCIDENT_RELATED_CAUSE_2|CLAIM_ICD_VERSION_INDICATOR|SUBMITTED_DRG_CODE|ADJUDICATED_DRG_CODE|ADJUDICATED_DRG_WEIGHT|DRG_GROUPER|DRG_VERSION|DRG_LEVEL|DRG_SEVERITY_OF_ILLNESS|DRG_OUTLIER_DAY_COUNT|DRG_COVERED_DAY_COUNT|DRG_NON_COVERED_DAY_COUNT|ADMITTING_DIAGNOSIS_CODE|PRINCIPAL_DIAGNOSIS_CODE|PRINCIPAL_PROCEDURE_CODE|CONDITION_CODES|EXTERNALCAUSE_OF_INJURY_CODES|EXTERNAL_CAUSE_OF_INJURY_POA_INDICATOR|PATIENT_REASON_FOR_VISIT_CODE|SPAN_CODES|SPAN_DATE_FROM|SPAN_DATE_TO|TREATMENT_CODES|OCCURRENCE_CODE_1|OCCURRENCE_DATE_1|OCCURRENCE_CODE_2|OCCURRENCE_DATE_2|OCCURRENCE_CODE_3|OCCURRENCE_DATE_3|OCCURRENCE_CODE_4|OCCURRENCE_DATE_4|OCCURRENCE_CODE_5|OCCURRENCE_DATE_5|OCCURRENCE_CODE_6|OCCURRENCE_DATE_6|OCCURRENCE_CODE_7|OCCURRENCE_DATE_7|OCCURRENCE_CODE_8|OCCURRENCE_DATE_8|CONDITION_CODE_1|CONDITION_CODE_2|CONDITION_CODE_3|CONDITION_CODE_4|VALUE_CODE_1|VALUE_AMOUNT_1|VALUE_CODE_2|VALUE_AMOUNT_2|VALUE_CODE_3|VALUE_AMOUNT_3|VALUE_CODE_4|VALUE_AMOUNT_4|VALUE_CODE_5|VALUE_AMOUNT_5|VALUE_CODE_6|VALUE_AMOUNT_6|OCCURRENCE_SPAN_CODES|OCCURRENCE_SPAN_DATE_FROM|OCCURRENCE_SPAN_DATE_TO|OPTUM_REGION_NAME|DRG|DATE_OF_SERVICE_BEG|DATE_OF_SERVICE_END|AMT_BILLED|DATE_PAID|CLAIM_NO|CLAIM_SUFFIX
|1454|1||12|23261510|ORIGINAL|||||2021-02-16 00:00:00.000|N|||PROVIDER||25-1086037||||SENIOR|Fee for Service||||APPROVED|PAID|2021-04-12 00:00:00.000|76200104997300||Institutional|NA|111|21||||181790.24|0.00|0.00||0.00|0.00|0.00|150026.43|31763.81|0.00|0.00|0.00|0.00|0.00|31763.81|2021-04-12 00:00:00.000|2021-04-12 00:00:00.000|6683473|2021-02-07 00:00:00.000|2021-02-12 00:00:00.000|5911800||ELECTIVE|TRANSFER FROM A SNF|2021-02-07 00:00:00.000|08:29PM|DISCHARGE - HOME|2021-02-12 00:00:00.000|12:00PM|3016585|SELF|3016585|310852659-01|SCAN HEALTH PLAN|SH5425M|SCAN (SH5425M)|SENIOR|CA|275758||42-1672810|203BP0100X|FACILITY SERVICES|20580|1902844988|203BP0100X|A0|Y|||1902844988|0|||1104236330||||||ICD10|||||||467||||M97.11XA||||||NA|||||11|2021-02-07 00:00:00.000|||||||||||||||||||80|0.05||||||||||||||REGION III|467|2021-02-07 00:00:00.000|2021-02-12 00:00:00.000|53674.25|2021-04-12 00:00:00.000|12-23261510|
|1454|1||12|23263555|ORIGINAL|||||2021-02-18 00:00:00.000|N|||PROVIDER||||||COMMERCIAL|Fee for Service||||APPROVED|PAID|2021-04-05 00:00:00.000|4077819601||Institutional|NA|131|22||||6131.00|150.00|150.00||0.00|0.00|0.00|5571.89|559.11|0.00|0.00|0.00|0.00|0.00|409.11|2021-04-05 00:00:00.000|2021-04-05 00:00:00.000|222156119|2021-01-28 00:00:00.000|2021-01-28 00:00:00.000|5889431||ELECTIVE|PHYSICIAN REFERRAL INPATIENT|||DISCHARGE - HOME|2021-01-28 00:00:00.000||6147056|SELF|6147056|W236367384-03|AETNA HEALTH PLAN|010337A|AETNA (010337)|COMMERCIAL|CA|796||95-3527031|203BP0100X|FACILITY SERVICES|999123|1962442012|203BP0100X|A0|Y|||1477596583|0|||1063562239||||||ICD10|||||||||||||||||NA|||||11|2021-01-20 00:00:00.000||||||||||||||||||||0.00||0.00||0.00||0.00||0.00||0.00||||REGION III||2021-01-28 00:00:00.000|2021-01-28 00:00:00.000|6131|2021-04-05 00:00:00.000|12-23263555|
|1454|1||12|23263799|ORIGINAL|||||2021-02-19 00:00:00.000|N|||PROVIDER||25-659047||||COMMERCIAL|Fee for Service||||APPROVED|PAID|2021-04-05 00:00:00.000|7097374001||Institutional|NA|131|20||||841.93|20.00|20.00||0.00|0.00|0.00|547.25|294.68|0.00|0.00|0.00|0.00|0.00|274.68|2021-04-05 00:00:00.000|2021-04-05 00:00:00.000|222156042|2021-02-09 00:00:00.000|2021-02-09 00:00:00.000|||URGENT|PHYSICIAN REFERRAL INPATIENT|||DISCHARGE - HOME|2021-02-09 00:00:00.000||1889888|SELF|1889888|908837649-001|BLUE SHIELD HMO|W0102863|BLUE SHIELD (W0102863)|COMMERCIAL|CA|1123462||82-4157363|203BP0100X|FACILITY SERVICES|1123462|1780183335|203BP0100X|A0|N|||1780183335|0|||1528144219||||||ICD10|||||||||||||||||NA|||||||||||||||||||||||||A3|8.42||||||||||||||REGION III||2021-02-09 00:00:00.000|2021-02-09 00:00:00.000|841.93|2021-04-05 00:00:00.000|12-23263799|
|1454|1||12|23264780|ORIGINAL|||||2021-02-17 00:00:00.000|N|||PROVIDER||25-664837||||COMMERCIAL|Fee for Service||||APPROVED|PAID|2021-04-14 00:00:00.000|76200105240200||Institutional|NA|131|23||||10683.41|225.00|225.00||0.00|0.00|0.00|8912.41|1771.00|0.00|0.00|0.00|0.00|0.00|1546.00|2021-04-14 00:00:00.000|2021-04-14 00:00:00.000|6683632|2021-02-12 00:00:00.000|2021-02-13 00:00:00.000|||EMERGENCY|PHYSICIAN REFERRAL INPATIENT|||DISCHARGE - HOME|2021-02-13 00:00:00.000||1997913|SELF|1997913|0289648-02|PACIFICARE|365561P|PACIFICARE (365561)|COMMERCIAL|CA|275758||42-1672810|203BP0100X|FACILITY SERVICES|20580|1902844988|203BP0100X|A0|Y|||1902844988|0|||1669867644||||||ICD10|||||||||||||||||NA|||||11|2021-02-12 00:00:00.000|||||||||||||||DR|||||0.00||0.00||0.00||0.00||0.00||0.00||||REGION III||2021-02-12 00:00:00.000|2021-02-13 00:00:00.000|8344.41|2021-04-14 00:00:00.000|12-23264780|
|1454|1||12|23264813|ORIGINAL|||||2021-02-16 00:00:00.000|N|||PROVIDER||25-1248418||||COMMERCIAL|Fee for Service||||APPROVED|PAID|2021-04-14 00:00:00.000|76200104556000||Institutional|NA|111|21||||308367.33|0.00|0.00||0.00|0.00|0.00|255340.33|53027.00|0.00|0.00|0.00|0.00|0.00|53027.00|2021-04-14 00:00:00.000|2021-04-14 00:00:00.000|1608785|2021-01-23 00:00:00.000|2021-01-30 00:00:00.000|5903087||EMERGENCY|PHYSICIAN REFERRAL INPATIENT|2021-01-24 00:00:00.000|01:00PM|DISCHARGE - HOME|2021-01-30 00:00:00.000|02:00PM|1250080|SELF|1250080|NCF689A51998-40|CALIFORNIA CARE|CC19393M4B8|CALCARE (C19393M4B8)|COMMERCIAL|CA|275758||42-1672810|203BP0100X|FACILITY SERVICES|20580|1902844988|203BP0100X|A0|Y|||1902844988|0|||1407202674||||||ICD10|||||||234||||R07.2||||||NA|||||11|2021-01-23 00:00:00.000|||||||||||||||DR||||80|0.06||||||||||||||REGION III|234|2021-01-24 00:00:00.000|2021-01-30 00:00:00.000|30024.95|2021-04-14 00:00:00.000|12-23264813|
|1454|1||12|23269549|ORIGINAL|||||2021-02-19 00:00:00.000|N|||PROVIDER||25-447807||||COMMERCIAL|Fee for Service||||APPROVED|PAID|2021-04-05 00:00:00.000|2018323601||Institutional|NA|131|22||||79636.00|0.00|0.00||0.00|0.00|0.00|37588.19|42047.81|0.00|0.00|0.00|0.00|0.00|42047.81|2021-04-05 00:00:00.000|2021-04-05 00:00:00.000|222156993|2021-02-03 00:00:00.000|2021-02-03 00:00:00.000|5817468||ELECTIVE|CLINIC REFERRAL INPATIENT|||DISCHARGE - HOME|2021-02-03 00:00:00.000||1038281|SELF|1038281|906254297-001|BLUE SHIELD HMO|W0065311|BLUESHIELD (W0065311)|COMMERCIAL|CA|835||95-6006143|203BP0100X|FACILITY SERVICES|21033|1902803315|203BP0100X|A0|Y|||1902803315|0|||1952549180||||||ICD10|||||||||||||||||NA|||||11|2021-02-03 00:00:00.000||||||||||||||||||||0.00||0.00||0.00||0.00||0.00||0.00||||REGION III||2021-02-03 00:00:00.000|2021-02-03 00:00:00.000|950|2021-04-05 00:00:00.000|12-23269549|
|1454|1||12|23270345|ORIGINAL|||||2021-02-22 00:00:00.000|N|||PROVIDER||25-406656||||SENIOR|Fee for Service||||APPROVED|PAID|2021-04-05 00:00:00.000|5976||Professional|NA||11||||535.13|0.00|0.00||0.00|0.00|0.00|168.13|367.00|0.00|0.00|0.00|0.00|0.00|367.00|2021-04-05 00:00:00.000|2021-04-05 00:00:00.000|222155647||||||||||||133040|SELF|133040|980256135-000|SHIELD 65|W0051752|SHIELD 65(W0051752)|SENIOR|CA|282132||26-3360519|203BD0901X|FAMILY PRACTICE|204|1851306542|203BD0901X|08|Y|||1740435502|0|||||||||ICD10|||||||||||||||||NA||||||||||||||||||||||||||0.00||0.00||0.00||0.00||0.00||0.00||||REGION III||2021-02-04 00:00:00.000|2021-02-04 00:00:00.000|535.01|2021-04-05 00:00:00.000|12-23270345|
|1454|1||12|23270514|ORIGINAL|||||2021-02-19 00:00:00.000|N|||PROVIDER||25-2529678||||SENIOR|Fee for Service||||APPROVED|PAID|2021-04-05 00:00:00.000|50940000L2ZH||Institutional|NA|223|22||||500.00|0.00|0.00||0.00|0.00|0.00|121.10|378.90|0.00|0.00|0.00|0.00|0.00|378.90|2021-04-05 00:00:00.000|2021-04-05 00:00:00.000|222155978|2020-11-19 00:00:00.000|2020-11-30 00:00:00.000|5857944||ELECTIVE|PHYSICIAN REFERRAL INPATIENT|2020-11-04 00:00:00.000|12:00PM|STILL PATIENT|||5674020|SELF|5674020|980462166-000|SHIELD 65|W0051752|SHIELD 65(W0051752)|SENIOR|CA|1116063||47-2823082|203BP0801X|CUSTODIAL CARE|1116063|1639548449|203BP0801X|99|Y|||1639548449|0|||1669425575||||||ICD10|||||||||||G30.9||||||NA|||||45|2020-11-19 00:00:00.000|||||||||||||||||||52|0.06||||||||||||||REGION III||2020-11-19 00:00:00.000|2020-11-30 00:00:00.000|100|2021-04-05 00:00:00.000|12-23270514|
|1454|1||12|23270519|ORIGINAL|||||2021-02-19 00:00:00.000|N|||PROVIDER||25-1020150||||COMMERCIAL|Fee for Service||||APPROVED|PAID|2021-04-05 00:00:00.000|1022385911USB||Institutional|NA|111|21||||612196.00|3500.00|3500.00||0.00|0.00|0.00|547592.00|64604.00|0.00|0.00|0.00|0.00|0.00|61104.00|2021-04-05 00:00:00.000|2021-04-05 00:00:00.000|1607737|2020-11-22 00:00:00.000|2020-12-23 00:00:00.000|5866820||UNKNOWN TYPE OF ADMIT-EDI|PHYSICIAN REFERRAL INPATIENT|2020-11-22 00:00:00.000|08:48AM|DISCHARGE - REHAB FACILITY|2020-12-23 00:00:00.000|12:37AM|2880523|SELF|2880523|WLP834A66767-50|CALIFORNIA CARE|C57ARNP|CALCARE  (57ARNP)|COMMERCIAL|CA|93778||95-6000927|203BP0100X|FACILITY SERVICES|1097|1477574838|203BP0100X|A0|N|||1487865184|0|||1851680318||||||ICD10|||||||||||S32.018A||||||NA|||||05|2020-11-22 00:00:00.000|||||||||||||||||||80|0.31||||||||||||||REGION III||2020-11-22 00:00:00.000|2020-12-23 00:00:00.000|612196|2021-04-05 00:00:00.000|12-23270519|
|1454|1||12|23270520|ORIGINAL||23270519|||2021-02-19 00:00:00.000|N|||PROVIDER||99-2931655||||COMMERCIAL|Fee for Service||||APPROVED|PAID|2021-04-05 00:00:00.000|2009510002||Institutional|NA|137|22||||2400.00|0.00|0.00||0.00|0.00|0.00|1132.80|1267.20|0.00|0.00|0.00|0.00|0.00|1267.20|2021-04-05 00:00:00.000|2021-04-05 00:00:00.000|222156993|2020-12-30 00:00:00.000|2021-01-05 00:00:00.000|5846146||ELECTIVE|CLINIC REFERRAL INPATIENT|||DISCHARGE - HOME|2021-01-05 00:00:00.000||6660822|SELF|6660822|R11733302-FM1|HEALTH NET|70129A|HEALTHNET (70129A)|COMMERCIAL|CA|835||95-6006143|203BP0100X|FACILITY SERVICES|21033|1902803315|203BP0100X|A0|Y|||1902803315|0|||1952690398||||||ICD10|||||||||||||||||NA|||||||||||||||||||||D1|||||0.00||0.00||0.00||0.00||0.00||0.00||||REGION III||2020-12-30 00:00:00.000|2021-01-05 00:00:00.000|2400|2021-04-05 00:00:00.000|12-23270520|12-23270519
