12-23261510|S72.401A
12-23261510|M97.11XA
12-23261510|B37.0
12-23261510|C92.01
12-23261510|D68.69
12-23261510|D84.821
12-23261510|E27.1
12-23261510|I69.951
12-23261510|M54.9
12-23261510|T38.0X5A
12-23261510|E03.9
12-23261510|E78.00
12-23261510|E78.5
12-23261510|F32.5
12-23261510|F40.240
12-23261510|G40.909
12-23261510|G90.9
12-23261510|I10
12-23261510|I48.0
12-23261510|I70.0
12-23261510|I73.9
12-23261510|K21.9
12-23261510|K44.9
12-23261510|Z88.5
12-23261510|0SPC0JZ
12-23261510|0SRC0J9
12-23261510|0SBC0ZZ
12-23261510|3E0U029
12-23263555|Q05.2
12-23263555|5A1955Z
12-23263555|5A12012
12-23263555|0UQMXZZ
12-23263555|3E033XZ
12-23263799|S43.402A
12-23263799|8E0ZXY6
12-23264780|U07.1
12-23264780|R00.0
12-23264780|R07.89
12-23264780|I10
12-23264780|E11.65
12-23264780|D72.829
12-23264780|Z79.4
12-23264780|0T778DZ
12-23264813|I21.4
12-23264813|Z68.41
12-23264813|I25.110
12-23264813|E66.01
12-23264813|I10
12-23264813|Z79.82
12-23264813|Z79.84
12-23264813|E78.5
12-23264813|E11.51
12-23264813|D69.6
12-23264813|E11.65
12-23264813|E78.00
12-23264813|Z20.822
12-23264813|R07.2
12-23264813|5A1955Z
12-23264813|0BH17EZ
12-23264813|5A12012
12-23264813|5A09357
12-23264813|3E033XZ
12-23264813|0DH67UZ
12-23264813|3E0G76Z
12-23269549|D70.2
12-23269549|N05.8
12-23269549|N18.31
12-23269549|D84.9
12-23269549|Z94.0
12-23269549|Z79.899
12-23269549|T86.19
12-23269549|N05.A
12-23269549|10E0XZZ
12-23269549|0UQMXZZ
12-23270345|Z00.01
12-23270345|N18.2
12-23270345|E11.69
12-23270345|E78.2
12-23270345|K86.1
12-23270345|Z68.31
12-23270345|Z13.89
12-23270345|E11.22
12-23270345|5A09457
12-23270514|F03.91
12-23270514|G30.9
12-23270514|XW033E5
12-23270514|5A1955Z
12-23270514|XW033H5
12-23270514|0BH18EZ
12-23270514|05HM33Z
12-23270514|05HN33Z
12-23270514|B544ZZA
12-23270519|S32.018A
12-23270519|S27.2XXA
12-23270519|S45.102A
12-23270519|A41.9
12-23270519|R57.1
12-23270519|S24.104A
12-23270519|S24.102A
12-23270519|R40.2112
12-23270519|R40.2212
12-23270519|R40.2342
12-23270519|S21.331A
12-23270519|S21.332A
12-23270519|J85.0
12-23270519|I21.A1
12-23270519|J18.9
12-23270519|S22.32XA
12-23270519|N17.9
12-23270519|I82.401
12-23270519|K59.2
12-23270519|J98.19
12-23270519|0D798DZ
12-23270519|0DJ08ZZ
12-23270520|C86.4
12-23270520|5A09357
