SH5425M
010337A
W0102863
365561P
CC19393M4B8
W0065311
W0051752
W0051752
C57ARNP
70129A
