CLAIM_ID|PROJECT_ID|CLAIM_NO|FEED_ID|CLAIM_SUFFIX|DATE_RECEIVED|DATE_ENTERED|DATE_OF_SERVICE_BEG|DATE_OF_SERVICE_END|DATE_ADMITTED|DATE_DISCHARGED|PATIENT_ID|PATIENT_AGE|PATIENT_DOB|PATIENT_GENDER|MEDICAL_RECNO|SUBSCRIBER_ID|SUBSCRIBER_AGE|SUBSCRIBER_DOB|INS_GROUP_ID|GROUP_SIZE|REL_TO_INS_ID|REL_TO_INS_GROUP_ID|PROVIDER_ID|DRG|ATTENDING_PROV_ID|PLACE_OF_SERVICE|LINE_OF_BUSINESS_ID|PRODUCT_LINE_ID|BILL_TYPE|AMT_BILLED|AMT_ALLOWED|AMT_COPAY|AMT_DEDUCTIBLE|AMT_COINSURANCE|AMT_DISALLOWED|AMT_COB_PAID|AMT_DISCOUNT|AMT_COVERED|AMT_NOT_COVERED|AMT_PAID|DATE_PAID|CHECK_NUMBER|COB_SUSPECT|COB_PRIMARY|PRINCIPAL_DIAG|CASE_HITS|ORIG_SRC_TABID|ORIG_SRC_RECNO|DATE_CREATED|DATE_UPDATED|USERNAME|ADJ_CLAIM_FLAG|PAR|PATIENT_ACCT_NO|EMP_STATUS|EMPLOYMENT_STATUS|VENDOR_ID|PATIENT_ACCT_NO_CLIENT|PAR_CLIENT|CHECK_NUMBER_CLIENT|AMT_PAID_CLIENT|AMT_BILLED_CLIENT|AMT_ALLOWED_CLIENT|SERVICE_ID|ROWID|INTEREST_PAID|INS_GROUP_NO|PROVIDER_NO|PAT_MEM_NO|SUB_MEM_NO
|1454|12-23261510|1||2021-02-16||2021-02-07 00:00:00.000|2021-02-12 00:00:00.000|2021-02-07|2021-02-12|||||25-1086037|||||||||467||21|8|1|111|53674.25||0.00|0.00|0.00||0.00|0.00|31763.81|150026.43|31763.81|2021-04-12|6683473|||S72.401A||||2022-07-21||NovusLoading|0|Y|76200104997300||||||||||1||0.00|SH5425M|275758|3016585|3016585
|1454|12-23263555|1||2021-02-18||2021-01-28 00:00:00.000|2021-01-28 00:00:00.000||2021-01-28||||||||||||||||22|1|1|131|6131||150.00|0.00|0.00||0.00|0.00|559.11|5571.89|409.11|2021-04-05|222156119|||Q05.2||||2022-07-21||NovusLoading|0|Y|4077819601||||||||||1||0.00|010337A|796|6147056|6147056
|1454|12-23263799|1||2021-02-19||2021-02-09 00:00:00.000|2021-02-09 00:00:00.000||2021-02-09|||||25-659047|||||||||||20|1|1|131|841.93||20.00|0.00|0.00||0.00|0.00|294.68|547.25|274.68|2021-04-05|222156042|||S43.402A||||2022-07-21||NovusLoading|0|N|7097374001||||||||||1||0.00|W0102863|1123462|1889888|1889888
|1454|12-23264780|1||2021-02-17||2021-02-12 00:00:00.000|2021-02-13 00:00:00.000||2021-02-13|||||25-664837|||||||||||23|1|1|131|8344.41||225.00|0.00|0.00||0.00|0.00|1771.00|8912.41|1546.00|2021-04-14|6683632|||U07.1||||2022-07-21||NovusLoading|0|Y|76200105240200||||||||||1||0.00|365561P|275758|1997913|1997913
|1454|12-23264813|1||2021-02-16||2021-01-24 00:00:00.000|2021-01-30 00:00:00.000|2021-01-24|2021-01-30|||||25-1248418|||||||||234||21|1|1|111|30024.95||0.00|0.00|0.00||0.00|0.00|53027.00|255340.33|53027.00|2021-04-14|1608785|||I21.4||||2022-07-21||NovusLoading|0|Y|76200104556000||||||||||1||0.00|CC19393M4B8|275758|1250080|1250080
|1454|12-23269549|1||2021-02-19||2021-02-03 00:00:00.000|2021-02-03 00:00:00.000||2021-02-03|||||25-447807|||||||||||22|1|1|131|950||0.00|0.00|0.00||0.00|0.00|42047.81|37588.19|42047.81|2021-04-05|222156993|||D70.2||||2022-07-21||NovusLoading|0|Y|2018323601||||||||||1||0.00|W0065311|835|1038281|1038281
|1454|12-23270345|1||2021-02-22||2021-02-04 00:00:00.000|2021-02-04 00:00:00.000|||||||25-406656|||||||||||11|8|1||535.01||0.00|0.00|0.00||0.00|0.00|367.00|168.13|367.00|2021-04-05|222155647|||Z00.01||||2022-07-21||NovusLoading|0|Y|5976||||||||||2||0.00|W0051752|282132|133040|133040
|1454|12-23270514|1||2021-02-19||2020-11-19 00:00:00.000|2020-11-30 00:00:00.000|2020-11-04||||||25-2529678|||||||||||22|8|1|223|100||0.00|0.00|0.00||0.00|0.00|378.90|121.10|378.90|2021-04-05|222155978|||F03.91||||2022-07-21||NovusLoading|0|Y|50940000L2ZH||||||||||1||0.00|W0051752|1116063|5674020|5674020
|1454|12-23270520|1|12-23270519|2021-02-19||2020-12-30 00:00:00.000|2021-01-05 00:00:00.000||2021-01-05|||||99-2931655|||||||||||22|1|1|137|2400||0.00|0.00|0.00||0.00|0.00|1267.20|1132.80|1267.20|2021-04-05|222156993|||C86.4||||2022-07-21||NovusLoading|0|Y|2009510002||||||||||1||0.00|70129A|835|6660822|6660822
