12-23261510
12-23263555
12-23263799
12-23264780
12-23264813
12-23269549
12-23270345
12-23270514
12-23270519
12-23270520
