CLAIM_NO|PRINCIPAL_DIAG
12-23261510|S72.401A
12-23263555|Q05.2
12-23263799|S43.402A
12-23264780|U07.1
12-23264813|I21.4
12-23269549|D70.2
12-23270345|Z00.01
12-23270514|F03.91
12-23270519|S32.018A
12-23270520|C86.4
