796
835
835
99999
275758
275758
275758
282132
1116063
1123462
