3016585
133040
1038281
1250080
1889888
1997913
2880523
5674020
6147056
6660822
